Processing: 绪论 (绪论) - 25659 chars
  Sections: 5
Processing: 第一章 (中医学的哲学基础) - 22869 chars
  Sections: 7
Processing: 第二章 (藏象) - 50302 chars
  Sections: 23
Processing: 第三章 (精气血津液神) - 22687 chars
  Sections: 25
Processing: 第四章 (经络) - 20184 chars
  Sections: 19
Processing: 第五章 (体质) - 14709 chars
  Sections: 11
Processing: 第六章 (病因) - 25833 chars
  Sections: 15
Processing: 第七章 (病机) - 36819 chars
  Sections: 15
Processing: 第八章 (养生与防治原则) - 24101 chars
  Sections: 13

=== Section Counts ===
ch-zhongji-01: 5 sections
ch-zhongji-02: 7 sections
ch-zhongji-03: 23 sections
ch-zhongji-04: 25 sections
ch-zhongji-05: 19 sections
ch-zhongji-06: 11 sections
ch-zhongji-07: 15 sections
ch-zhongji-08: 15 sections
ch-zhongji-09: 13 sections
Total: 133 sections
